// Jest Snapshot v1, https://goo.gl/fbAQLP

exports[`dotJsonStdin test valid dot 1`] = `
Object {
  "_subgraph_cnt": 0,
  "directed": true,
  "edges": Array [
    Object {
      "_gvid": 0,
      "head": 1,
      "tail": 0,
    },
  ],
  "name": "g",
  "objects": Array [
    Object {
      "_gvid": 0,
      "label": "\\\\N",
      "name": "a",
    },
    Object {
      "_gvid": 1,
      "label": "\\\\N",
      "name": "b",
    },
  ],
  "strict": false,
}
`;

exports[`dotPlainStdin test valid dot 1`] = `
"graph 1 0.75 1.5
node a 0.375 1.25 0.75 0.5 a solid ellipse black lightgrey
node b 0.375 0.25 0.75 0.5 b solid ellipse black lightgrey
edge a b 4 0.375 0.99766 0.375 0.89071 0.375 0.76353 0.375 0.64468 solid black
stop
"
`;
